{
  "kind": "diagnosis",
  "flow": "10.0.1.10/32 -> 198.51.100.5/32 tcp/443",
  "outcome": "NO BLOCKER FOUND",
  "source": "10.0.1.10 (eni-0123456789abcdef0) in subnet-0123456789abcdef0",
  "destination": "198.51.100.5 (declared external partner-service)",
  "finding": {
    "title": "blocking layer",
    "note": "no layer was shown to block this flow"
  },
  "cleared": {
    "title": "cleared layers",
    "rows": [
      {
        "layer": "resolution",
        "verdict": "ALLOW"
      },
      {
        "subject": "eni-0123456789abcdef0",
        "detail": "source 10.0.1.10 resolved to i-0123456789abcdef0 in subnet-0123456789abcdef0"
      },
      {
        "layer": "route",
        "verdict": "ALLOW"
      },
      {
        "subject": "rtb-0aaa1111bbbb2222c",
        "detail": "route: 198.51.100.0/24 -> igw-0123456789abcdef0"
      }
    ]
  },
  "unresolved": {
    "title": "abstentions",
    "rows": [
      {
        "layer": "firewall",
        "verdict": "ABSTAIN"
      },
      {
        "detail": "nfw-inspection-usw2: domain-allowlist (priority 1): domain list rule group is not modelled"
      },
      {
        "subject": "domain-allowlist (priority 1)",
        "detail": "domain list rule group is not modelled"
      },
      {
        "layer": "host_firewall",
        "verdict": "ABSTAIN"
      },
      {
        "detail": "systems manager does not manage i-0abcdef123456789a, so the host firewall was not read"
      }
    ],
    "note": "firewall, host_firewall could have changed this verdict"
  },
  "authoritative": false,
  "notice": "this verdict is not authoritative: it rests on 2 abstentions — firewall (nfw-inspection-usw2: domain-allowlist (priority 1): domain list rule group is not modelled); host_firewall (systems manager does not manage i-0abcdef123456789a, so the host firewall was not read); a layer that could not be evaluated may be the one blocking this flow"
}
