flow: 10.0.1.10/32 -> 10.1.2.30/32 tcp/443
source: engine: PERMITTED (7 hops evaluated, none blocked)
source: reachability analyzer: NOT REACHABLE (analysis in us-west-2 from eni-0123456789abcdef0 to eni-0abcdef123456789a)
verdict: DISAGREEMENT: model permits but AWS blocks
!! the engine and the reachability analyzer disagree: engine reports PERMITTED, reachability analyzer reports NOT REACHABLE — neither is preferred and neither is treated as correct, so the disagreement is reported rather than resolved, and one of the two is wrong about this flow

verdicts compared:
  [PERMITTED] engine
         7 hops evaluated, none blocked
         cited: offline path walk  7 hops evaluated, none blocked
         cited: nfw-inspection-usw2  nfr-allow-east-west sid 3 (priority 6) PASS
  [NOT REACHABLE] reachability analyzer
         analysis in us-west-2 from eni-0123456789abcdef0 to eni-0abcdef123456789a
         cited: nia-0123456789abcdef0  analysis in us-west-2 from eni-0123456789abcdef0 to eni-0abcdef123456789a
  (the engine and the reachability analyzer disagree; both verdicts stand as reported, neither is taken as correct, and this section resolves nothing)

corroborated:
  [DISAGREE] verdict
         model permits but AWS blocks
  (nothing was corroborated: the two sources reached different conclusions and neither was preferred to settle it)

caveats:
  [CAVEAT] analysis cost
         Reachability Analyzer analyses are billable: each run creates a network insights path and an analysis and is charged per analysis, where the offline query over the snapshot costs nothing
  [CAVEAT] forward direction only
         for TCP over a transit gateway route table, Reachability Analyzer evaluates forward traffic only: this comparison says nothing about the return direction, which is where an asymmetric path fails
  (what this comparison established is narrowed by forward direction only)
